[DDQN] device=cpu torch_threads=1 partition_features=True expert_exploration=0.5 n_step=3 learning_starts=1000 train_every=4 target_method=ddqn endgame_rate=0.0 history_features=False selfplay_checkpoint=None supervision_weight=0.0 supervision_fraction=0.6
[ddqn 100/2500] epsilon=0.478 opponent=random training_win_rate=0.470 practice_episodes=0 supervision_weight=0.000 last 100 episodes=4.4s total_train=4.4s total_eval=0.0s
[ddqn 200/2500] epsilon=0.455 opponent=random training_win_rate=0.720 practice_episodes=0 supervision_weight=0.000 last 100 episodes=4.7s total_train=9.1s total_eval=0.0s
[ddqn 300/2500] epsilon=0.433 opponent=random training_win_rate=0.750 practice_episodes=0 supervision_weight=0.000 last 100 episodes=4.9s total_train=14.0s total_eval=0.0s
[ddqn 400/2500] epsilon=0.410 opponent=random training_win_rate=0.780 practice_episodes=0 supervision_weight=0.000 last 100 episodes=5.1s total_train=19.1s total_eval=0.0s
[ep  500] win_rate_vs_greedy = 0.140 (100 evaluation games in 6.9s)
[ddqn 500/2500] epsilon=0.388 opponent=random training_win_rate=0.850 practice_episodes=0 supervision_weight=0.000 last 100 episodes=5.2s total_train=24.2s total_eval=6.9s
[ddqn 600/2500] epsilon=0.365 opponent=mixed training_win_rate=0.320 practice_episodes=0 supervision_weight=0.000 last 100 episodes=6.3s total_train=30.5s total_eval=6.9s
[ddqn 700/2500] epsilon=0.343 opponent=mixed training_win_rate=0.420 practice_episodes=0 supervision_weight=0.000 last 100 episodes=7.5s total_train=38.0s total_eval=6.9s
[ddqn 800/2500] epsilon=0.320 opponent=mixed training_win_rate=0.320 practice_episodes=0 supervision_weight=0.000 last 100 episodes=7.5s total_train=45.5s total_eval=6.9s
[ddqn 900/2500] epsilon=0.298 opponent=mixed training_win_rate=0.350 practice_episodes=0 supervision_weight=0.000 last 100 episodes=7.5s total_train=53.0s total_eval=6.9s
[ep 1000] win_rate_vs_greedy = 0.250 (100 evaluation games in 8.0s)
[ddqn 1000/2500] epsilon=0.275 opponent=mixed training_win_rate=0.210 practice_episodes=0 supervision_weight=0.000 last 100 episodes=7.1s total_train=60.2s total_eval=14.9s
[ddqn 1100/2500] epsilon=0.253 opponent=mixed training_win_rate=0.370 practice_episodes=0 supervision_weight=0.000 last 100 episodes=8.1s total_train=68.3s total_eval=14.9s
[ddqn 1200/2500] epsilon=0.230 opponent=mixed training_win_rate=0.390 practice_episodes=0 supervision_weight=0.000 last 100 episodes=7.9s total_train=76.1s total_eval=14.9s
[ddqn 1300/2500] epsilon=0.208 opponent=greedy training_win_rate=0.270 practice_episodes=0 supervision_weight=0.000 last 100 episodes=8.6s total_train=84.7s total_eval=14.9s
[ddqn 1400/2500] epsilon=0.185 opponent=greedy training_win_rate=0.180 practice_episodes=0 supervision_weight=0.000 last 100 episodes=9.1s total_train=93.8s total_eval=14.9s
[ep 1500] win_rate_vs_greedy = 0.230 (100 evaluation games in 7.3s)
[ddqn 1500/2500] epsilon=0.163 opponent=greedy training_win_rate=0.180 practice_episodes=0 supervision_weight=0.000 last 100 episodes=9.5s total_train=103.3s total_eval=22.2s
[ddqn 1600/2500] epsilon=0.140 opponent=greedy training_win_rate=0.200 practice_episodes=0 supervision_weight=0.000 last 100 episodes=11.2s total_train=114.5s total_eval=22.2s
[ddqn 1700/2500] epsilon=0.118 opponent=greedy training_win_rate=0.210 practice_episodes=0 supervision_weight=0.000 last 100 episodes=9.9s total_train=124.4s total_eval=22.2s
[ddqn 1800/2500] epsilon=0.095 opponent=greedy training_win_rate=0.240 practice_episodes=0 supervision_weight=0.000 last 100 episodes=10.5s total_train=135.0s total_eval=22.2s
[ddqn 1900/2500] epsilon=0.073 opponent=greedy training_win_rate=0.250 practice_episodes=0 supervision_weight=0.000 last 100 episodes=10.3s total_train=145.3s total_eval=22.2s
[ep 2000] win_rate_vs_greedy = 0.280 (100 evaluation games in 7.4s)
[ddqn 2000/2500] epsilon=0.050 opponent=greedy training_win_rate=0.220 practice_episodes=0 supervision_weight=0.000 last 100 episodes=10.0s total_train=155.3s total_eval=29.6s
[ddqn 2100/2500] epsilon=0.050 opponent=greedy training_win_rate=0.240 practice_episodes=0 supervision_weight=0.000 last 100 episodes=11.4s total_train=166.7s total_eval=29.6s
[ddqn 2200/2500] epsilon=0.050 opponent=greedy training_win_rate=0.240 practice_episodes=0 supervision_weight=0.000 last 100 episodes=10.4s total_train=177.1s total_eval=29.6s
[ddqn 2300/2500] epsilon=0.050 opponent=greedy training_win_rate=0.230 practice_episodes=0 supervision_weight=0.000 last 100 episodes=10.3s total_train=187.4s total_eval=29.6s
[ddqn 2400/2500] epsilon=0.050 opponent=greedy training_win_rate=0.170 practice_episodes=0 supervision_weight=0.000 last 100 episodes=11.9s total_train=199.3s total_eval=29.6s
[ep 2500] win_rate_vs_greedy = 0.320 (100 evaluation games in 7.2s)
[ddqn 2500/2500] epsilon=0.050 opponent=greedy training_win_rate=0.220 practice_episodes=0 supervision_weight=0.000 last 100 episodes=9.7s total_train=209.0s total_eval=36.9s
Saved ddqn agent -> /tmp/zheng-supervision/baseline-1.pt
Best validation win rate=0.320 -> /tmp/zheng-supervision/baseline-1.best.pt
