[DDQN] device=cpu torch_threads=1 partition_features=True expert_exploration=0.5 n_step=3 learning_starts=1000 train_every=4 target_method=ddqn endgame_rate=0.0 history_features=False selfplay_checkpoint=None supervision_weight=0.5 supervision_fraction=0.6
[ddqn 100/2500] epsilon=0.478 opponent=random training_win_rate=0.630 practice_episodes=0 supervision_weight=0.467 last 100 episodes=5.9s total_train=5.9s total_eval=0.0s
[ddqn 200/2500] epsilon=0.455 opponent=random training_win_rate=0.810 practice_episodes=0 supervision_weight=0.434 last 100 episodes=6.4s total_train=12.3s total_eval=0.0s
[ddqn 300/2500] epsilon=0.433 opponent=random training_win_rate=0.750 practice_episodes=0 supervision_weight=0.400 last 100 episodes=7.1s total_train=19.4s total_eval=0.0s
[ddqn 400/2500] epsilon=0.410 opponent=random training_win_rate=0.730 practice_episodes=0 supervision_weight=0.367 last 100 episodes=6.7s total_train=26.1s total_eval=0.0s
[ep  500] win_rate_vs_greedy = 0.220 (100 evaluation games in 6.5s)
[ddqn 500/2500] epsilon=0.388 opponent=random training_win_rate=0.810 practice_episodes=0 supervision_weight=0.334 last 100 episodes=6.9s total_train=33.1s total_eval=6.5s
[ddqn 600/2500] epsilon=0.365 opponent=mixed training_win_rate=0.340 practice_episodes=0 supervision_weight=0.300 last 100 episodes=10.2s total_train=43.3s total_eval=6.5s
[ddqn 700/2500] epsilon=0.343 opponent=mixed training_win_rate=0.340 practice_episodes=0 supervision_weight=0.267 last 100 episodes=8.6s total_train=51.9s total_eval=6.5s
[ddqn 800/2500] epsilon=0.320 opponent=mixed training_win_rate=0.300 practice_episodes=0 supervision_weight=0.234 last 100 episodes=9.3s total_train=61.2s total_eval=6.5s
[ddqn 900/2500] epsilon=0.298 opponent=mixed training_win_rate=0.380 practice_episodes=0 supervision_weight=0.200 last 100 episodes=10.3s total_train=71.5s total_eval=6.5s
[ep 1000] win_rate_vs_greedy = 0.200 (100 evaluation games in 6.6s)
[ddqn 1000/2500] epsilon=0.275 opponent=mixed training_win_rate=0.390 practice_episodes=0 supervision_weight=0.167 last 100 episodes=11.1s total_train=82.6s total_eval=13.1s
[ddqn 1100/2500] epsilon=0.253 opponent=mixed training_win_rate=0.380 practice_episodes=0 supervision_weight=0.134 last 100 episodes=12.9s total_train=95.6s total_eval=13.1s
[ddqn 1200/2500] epsilon=0.230 opponent=mixed training_win_rate=0.420 practice_episodes=0 supervision_weight=0.100 last 100 episodes=12.2s total_train=107.7s total_eval=13.1s
[ddqn 1300/2500] epsilon=0.208 opponent=greedy training_win_rate=0.300 practice_episodes=0 supervision_weight=0.067 last 100 episodes=13.1s total_train=120.8s total_eval=13.1s
[ddqn 1400/2500] epsilon=0.185 opponent=greedy training_win_rate=0.250 practice_episodes=0 supervision_weight=0.033 last 100 episodes=13.8s total_train=134.6s total_eval=13.1s
[ep 1500] win_rate_vs_greedy = 0.180 (100 evaluation games in 6.7s)
[ddqn 1500/2500] epsilon=0.163 opponent=greedy training_win_rate=0.200 practice_episodes=0 supervision_weight=0.000 last 100 episodes=14.4s total_train=149.0s total_eval=19.8s
[ddqn 1600/2500] epsilon=0.140 opponent=greedy training_win_rate=0.280 practice_episodes=0 supervision_weight=0.000 last 100 episodes=9.7s total_train=158.7s total_eval=19.8s
[ddqn 1700/2500] epsilon=0.118 opponent=greedy training_win_rate=0.380 practice_episodes=0 supervision_weight=0.000 last 100 episodes=9.4s total_train=168.1s total_eval=19.8s
[ddqn 1800/2500] epsilon=0.095 opponent=greedy training_win_rate=0.300 practice_episodes=0 supervision_weight=0.000 last 100 episodes=8.9s total_train=177.0s total_eval=19.8s
[ddqn 1900/2500] epsilon=0.073 opponent=greedy training_win_rate=0.330 practice_episodes=0 supervision_weight=0.000 last 100 episodes=8.9s total_train=185.9s total_eval=19.8s
[ep 2000] win_rate_vs_greedy = 0.280 (100 evaluation games in 7.0s)
[ddqn 2000/2500] epsilon=0.050 opponent=greedy training_win_rate=0.270 practice_episodes=0 supervision_weight=0.000 last 100 episodes=9.4s total_train=195.2s total_eval=26.8s
[ddqn 2100/2500] epsilon=0.050 opponent=greedy training_win_rate=0.430 practice_episodes=0 supervision_weight=0.000 last 100 episodes=10.9s total_train=206.2s total_eval=26.8s
[ddqn 2200/2500] epsilon=0.050 opponent=greedy training_win_rate=0.270 practice_episodes=0 supervision_weight=0.000 last 100 episodes=10.5s total_train=216.7s total_eval=26.8s
[ddqn 2300/2500] epsilon=0.050 opponent=greedy training_win_rate=0.460 practice_episodes=0 supervision_weight=0.000 last 100 episodes=11.1s total_train=227.7s total_eval=26.8s
[ddqn 2400/2500] epsilon=0.050 opponent=greedy training_win_rate=0.380 practice_episodes=0 supervision_weight=0.000 last 100 episodes=11.1s total_train=238.8s total_eval=26.8s
[ep 2500] win_rate_vs_greedy = 0.280 (100 evaluation games in 7.2s)
[ddqn 2500/2500] epsilon=0.050 opponent=greedy training_win_rate=0.290 practice_episodes=0 supervision_weight=0.000 last 100 episodes=10.4s total_train=249.2s total_eval=34.0s
Saved ddqn agent -> /tmp/zheng-supervision/supervised-0.pt
Best validation win rate=0.280 -> /tmp/zheng-supervision/supervised-0.best.pt
