[training] agent=ddqn reward=win device=cpu torch_threads=1
[DDQN] network=HandQNetwork state_dim=67 n_step=3 learning_starts=1000 train_every=4
[ddqn 100/2500] epsilon=0.478 opponent=random training_win_rate=0.320 last 100 episodes=3.2s total_train=3.2s total_eval=0.0s
[ddqn 200/2500] epsilon=0.455 opponent=random training_win_rate=0.640 last 100 episodes=3.7s total_train=6.9s total_eval=0.0s
[ddqn 300/2500] epsilon=0.433 opponent=random training_win_rate=0.650 last 100 episodes=3.9s total_train=10.8s total_eval=0.0s
[ddqn 400/2500] epsilon=0.410 opponent=random training_win_rate=0.710 last 100 episodes=4.0s total_train=14.8s total_eval=0.0s
[ep  500] win_rate_vs_greedy = 0.050 (100 evaluation games in 7.1s)
[ddqn 500/2500] epsilon=0.388 opponent=random training_win_rate=0.760 last 100 episodes=3.6s total_train=18.4s total_eval=7.1s
[ddqn 600/2500] epsilon=0.365 opponent=mixed training_win_rate=0.190 last 100 episodes=5.4s total_train=23.8s total_eval=7.1s
[ddqn 700/2500] epsilon=0.343 opponent=mixed training_win_rate=0.240 last 100 episodes=4.9s total_train=28.7s total_eval=7.1s
[ddqn 800/2500] epsilon=0.320 opponent=mixed training_win_rate=0.160 last 100 episodes=4.8s total_train=33.4s total_eval=7.1s
[ddqn 900/2500] epsilon=0.298 opponent=mixed training_win_rate=0.270 last 100 episodes=5.1s total_train=38.5s total_eval=7.1s
[ep 1000] win_rate_vs_greedy = 0.120 (100 evaluation games in 6.2s)
[ddqn 1000/2500] epsilon=0.275 opponent=mixed training_win_rate=0.290 last 100 episodes=4.9s total_train=43.4s total_eval=13.3s
[ddqn 1100/2500] epsilon=0.253 opponent=mixed training_win_rate=0.280 last 100 episodes=5.0s total_train=48.4s total_eval=13.3s
[ddqn 1200/2500] epsilon=0.230 opponent=mixed training_win_rate=0.260 last 100 episodes=4.6s total_train=53.0s total_eval=13.3s
[ddqn 1300/2500] epsilon=0.208 opponent=greedy training_win_rate=0.170 last 100 episodes=5.9s total_train=58.9s total_eval=13.3s
[ddqn 1400/2500] epsilon=0.185 opponent=greedy training_win_rate=0.090 last 100 episodes=6.8s total_train=65.7s total_eval=13.3s
[ep 1500] win_rate_vs_greedy = 0.130 (100 evaluation games in 6.8s)
[ddqn 1500/2500] epsilon=0.163 opponent=greedy training_win_rate=0.090 last 100 episodes=9.3s total_train=75.0s total_eval=20.1s
[ddqn 1600/2500] epsilon=0.140 opponent=greedy training_win_rate=0.110 last 100 episodes=7.0s total_train=82.0s total_eval=20.1s
[ddqn 1700/2500] epsilon=0.118 opponent=greedy training_win_rate=0.160 last 100 episodes=6.9s total_train=88.9s total_eval=20.1s
[ddqn 1800/2500] epsilon=0.095 opponent=greedy training_win_rate=0.060 last 100 episodes=6.9s total_train=95.8s total_eval=20.1s
[ddqn 1900/2500] epsilon=0.073 opponent=greedy training_win_rate=0.080 last 100 episodes=6.6s total_train=102.4s total_eval=20.1s
[ep 2000] win_rate_vs_greedy = 0.210 (100 evaluation games in 9.8s)
[ddqn 2000/2500] epsilon=0.050 opponent=greedy training_win_rate=0.130 last 100 episodes=6.8s total_train=109.3s total_eval=29.9s
[ddqn 2100/2500] epsilon=0.050 opponent=greedy training_win_rate=0.130 last 100 episodes=7.8s total_train=117.0s total_eval=29.9s
[ddqn 2200/2500] epsilon=0.050 opponent=greedy training_win_rate=0.250 last 100 episodes=7.2s total_train=124.2s total_eval=29.9s
[ddqn 2300/2500] epsilon=0.050 opponent=greedy training_win_rate=0.150 last 100 episodes=7.1s total_train=131.3s total_eval=29.9s
[ddqn 2400/2500] epsilon=0.050 opponent=greedy training_win_rate=0.100 last 100 episodes=6.7s total_train=138.1s total_eval=29.9s
[ep 2500] win_rate_vs_greedy = 0.230 (100 evaluation games in 6.2s)
[ddqn 2500/2500] epsilon=0.050 opponent=greedy training_win_rate=0.150 last 100 episodes=7.0s total_train=145.0s total_eval=36.1s
Saved ddqn agent -> reports/ddqn-fix-20261003/baseline-1.pt
Best validation win rate=0.230 -> reports/ddqn-fix-20261003/baseline-1.best.pt
